[pytest]
; addopts = -p no:ape_test